package main

import (
	"context"
	"fmt"
	"os"

	"github.com/urfave/cli/v3"
)

func main() {
	app := &cli.Command{
		Name:  "gcloud",
		Usage: "Google Cloud CLI",
		Commands: []*cli.Command{
			{
				Name:  "parallelstore",
				Usage: "manage Parallelstore API resources",
				Commands: []*cli.Command{
					{
						Name:  "instances",
						Usage: "Manage instances resources",
						Commands: []*cli.Command{
							{
								Name:  "list",
								Usage: "list instances",
								Flags: []cli.Flag{
									&cli.StringFlag{Name: "project", Usage: "The project.", Required: true},
									&cli.StringFlag{Name: "location", Usage: "The location.", Required: true},
								},
								Action: func(ctx context.Context, cmd *cli.Command) error {
									parent := fmt.Sprintf("projects/%s/locations/%s", cmd.String("project"), cmd.String("location"))
									fmt.Printf("Executing list on %s\n", parent)
									return nil
								},
							},
							{
								Name:  "describe",
								Usage: "describe instances",
								Flags: []cli.Flag{
									&cli.StringFlag{Name: "project", Usage: "The project.", Required: true},
									&cli.StringFlag{Name: "location", Usage: "The location.", Required: true},
									&cli.StringFlag{Name: "instance", Usage: "The instance.", Required: true},
								},
								Action: func(ctx context.Context, cmd *cli.Command) error {
									name := fmt.Sprintf("projects/%s/locations/%s/instances/%s", cmd.String("project"), cmd.String("location"), cmd.String("instance"))
									fmt.Printf("Executing describe on %s\n", name)
									return nil
								},
							},
							{
								Name:  "create",
								Usage: "create instances",
								Flags: []cli.Flag{
									&cli.StringFlag{Name: "project", Usage: "The project.", Required: true},
									&cli.StringFlag{Name: "location", Usage: "The location.", Required: true},
								},
								Action: func(ctx context.Context, cmd *cli.Command) error {
									parent := fmt.Sprintf("projects/%s/locations/%s", cmd.String("project"), cmd.String("location"))
									fmt.Printf("Executing create on %s\n", parent)
									return nil
								},
							},
							{
								Name:  "update",
								Usage: "update instances",
								Flags: []cli.Flag{
									&cli.StringFlag{Name: "project", Usage: "The project.", Required: true},
									&cli.StringFlag{Name: "location", Usage: "The location.", Required: true},
									&cli.StringFlag{Name: "instance", Usage: "The instance.", Required: true},
								},
								Action: func(ctx context.Context, cmd *cli.Command) error {
									name := fmt.Sprintf("projects/%s/locations/%s/instances/%s", cmd.String("project"), cmd.String("location"), cmd.String("instance"))
									fmt.Printf("Executing update on %s\n", name)
									return nil
								},
							},
							{
								Name:  "delete",
								Usage: "delete instances",
								Flags: []cli.Flag{
									&cli.StringFlag{Name: "project", Usage: "The project.", Required: true},
									&cli.StringFlag{Name: "location", Usage: "The location.", Required: true},
									&cli.StringFlag{Name: "instance", Usage: "The instance.", Required: true},
								},
								Action: func(ctx context.Context, cmd *cli.Command) error {
									name := fmt.Sprintf("projects/%s/locations/%s/instances/%s", cmd.String("project"), cmd.String("location"), cmd.String("instance"))
									fmt.Printf("Executing delete on %s\n", name)
									return nil
								},
							},
							{
								Name:  "import-data",
								Usage: "import-data instances",
								Flags: []cli.Flag{
									&cli.StringFlag{Name: "project", Usage: "The project.", Required: true},
									&cli.StringFlag{Name: "location", Usage: "The location.", Required: true},
									&cli.StringFlag{Name: "instance", Usage: "The instance.", Required: true},
								},
								Action: func(ctx context.Context, cmd *cli.Command) error {
									name := fmt.Sprintf("projects/%s/locations/%s/instances/%s", cmd.String("project"), cmd.String("location"), cmd.String("instance"))
									fmt.Printf("Executing import-data on %s\n", name)
									return nil
								},
							},
							{
								Name:  "export-data",
								Usage: "export-data instances",
								Flags: []cli.Flag{
									&cli.StringFlag{Name: "project", Usage: "The project.", Required: true},
									&cli.StringFlag{Name: "location", Usage: "The location.", Required: true},
									&cli.StringFlag{Name: "instance", Usage: "The instance.", Required: true},
								},
								Action: func(ctx context.Context, cmd *cli.Command) error {
									name := fmt.Sprintf("projects/%s/locations/%s/instances/%s", cmd.String("project"), cmd.String("location"), cmd.String("instance"))
									fmt.Printf("Executing export-data on %s\n", name)
									return nil
								},
							},
						},
					},
					{
						Name:  "locations",
						Usage: "Manage locations resources",
						Commands: []*cli.Command{
							{
								Name:  "list",
								Usage: "list locations",
								Action: func(ctx context.Context, cmd *cli.Command) error {
									fmt.Println("Executing list...")
									return nil
								},
							},
							{
								Name:  "describe",
								Usage: "describe locations",
								Action: func(ctx context.Context, cmd *cli.Command) error {
									fmt.Println("Executing describe...")
									return nil
								},
							},
						},
					},
					{
						Name:  "operations",
						Usage: "Manage operations resources",
						Commands: []*cli.Command{
							{
								Name:  "list",
								Usage: "list operations",
								Action: func(ctx context.Context, cmd *cli.Command) error {
									fmt.Println("Executing list...")
									return nil
								},
							},
							{
								Name:  "describe",
								Usage: "describe operations",
								Action: func(ctx context.Context, cmd *cli.Command) error {
									fmt.Println("Executing describe...")
									return nil
								},
							},
							{
								Name:  "delete",
								Usage: "delete operations",
								Action: func(ctx context.Context, cmd *cli.Command) error {
									fmt.Println("Executing delete...")
									return nil
								},
							},
							{
								Name:  "cancel",
								Usage: "cancel operations",
								Action: func(ctx context.Context, cmd *cli.Command) error {
									fmt.Println("Executing cancel...")
									return nil
								},
							},
						},
					},
				},
			},
		},
	}

	if err := app.Run(context.Background(), os.Args); err != nil {
		fmt.Fprintf(os.Stderr, "error: %v\n", err)
		os.Exit(1)
	}
}
